// Jest Snapshot v1, https://goo.gl/fbAQLP

exports[`<PostcodeSearch /> should render correctly 1`] = `
<DocumentFragment>
  .c0 form {
  width: 100%;
  display: -webkit-box;
  display: -webkit-flex;
  display: -ms-flexbox;
  display: flex;
  -webkit-flex-direction: row;
  -ms-flex-direction: row;
  flex-direction: row;
}

.c0 input[type="search"] {
  width: 100%;
  margin-top: 0;
  margin-bottom: 0;
  border: 1px solid #dbdbdb;
  font-size: 1.6rem;
  line-height: 1.8rem;
  padding: 0.8rem 0.9rem 0.8rem;
  text-transform: uppercase;
}

.c0 input[type="search"]::-webkit-input-placeholder {
  text-transform: none;
}

.c0 input[type="search"]::-moz-placeholder {
  text-transform: none;
}

.c0 input[type="search"]:-ms-input-placeholder {
  text-transform: none;
}

.c0 input[type="search"]::placeholder {
  text-transform: none;
}

.c0 input[type="submit"] {
  margin: 0;
  min-width: 12rem;
  padding: 1.5rem 0.9rem 1rem;
  color: #fff !important;
  font-size: 1.2rem;
  font-family: "GillSansMTStd-Medium","GillSans-Medium";
  text-transform: uppercase;
  border-radius: 0;
  background: #046798;
  box-shadow: none;
  -webkit-appearance: none;
}

.c0 input[type="submit"]:hover,
.c0 input[type="submit"]:focus {
  background: darken(#046798,15%);
  border: 0;
  box-shadow: none;
}

.c0 input[type="submit"]:disabled {
  opacity: 0.7;
}

@media screen and (min-width:768px) {
  .c0 input[type="search"] {
    margin-top: 0;
    margin-bottom: 0;
  }
}

@media screen and (min-width:768px) {
  .c0 input[type="submit"] {
    margin: 1rem 0;
    font-size: 1.6rem;
    margin-top: 0;
    margin-bottom: 0;
  }
}

<div
    class="c0"
  >
    <form>
      <input
        autocomplete="off"
        name="location"
        placeholder="Search for a postcode"
        type="search"
        value=""
      />
      <input
        class="Button"
        type="submit"
        value="Search"
      />
    </form>
  </div>
</DocumentFragment>
`;
